{
  "findings": [
    {
      "rule_id": "TEST-001",
      "title": "First generic posture finding",
      "severity": "medium",
      "status": "fail",
      "summary": "Detected failing condition.",
      "matched_items": [
        "Matched item A"
      ]
    },
    {
      "rule_id": "TEST-002",
      "title": "Second generic posture finding",
      "severity": "low",
      "status": "pass",
      "summary": "No failing conditions detected."
    }
  ]
}
